ASxxxx Linker V03.00 + NoICE + sdld,  page 1.
Hexadecimal  [32-Bits]

Area                       Addr        Size        Decimal Bytes (Attributes)
--------------------       ----        ----        ------- ----- ------------
.  .ABS.               00000000    00000000 =           0. bytes (ABS,CON)

        Value  Global            Value  Global            Value  Global    
        -----  ------            -----  ------            -----  ------    
     00000000  .__.ABS.  |    00000000  _rRAMG    |    00000000  l__BASE  
     00000000  l__BSS    |    00000000  l__CABS   |    00000000  l__CODE_0
     00000000  l__DABS   |    00000000  l__HEADER |    00000000  l__HEAP  
     00000000  l__HEAP_E |    00000000  l__HRAM   |    00000000  l__LIT   
     00000000  s__CABS   |    00000000  s__DABS   |    00000000  s__HEADER
     00000000  s__HEADER |    00000000  s__HEADER |    00000000  s__HEADER
     00000000  s__HEADER |    00000000  s__HEADER |    00000000  s__HEADER
     00000000  s__HEADER |    00000000  s__HEADER |    00000000  s__HEADER
     00000000  s__HEADER |    00000000  s__HEADER |    00000000  s__HEADER
     00000000  s__HEADER |    00000000  s__HEADER |    00000000  s__HEADER
     00000000  s__HEADER |    00000000  s__HEADER |    00000000  s__HEADER
     00000000  s__HRAM   |    00000000  s__HRAM12 |    00000001  ___bank_b
     00000001  ___bank_p |    00000001  l__GSFINA |    00000001  l__HEADER
     00000001  l__HEADER |    00000001  l__HEADER |    00000001  l__HEADER
     00000001  l__HEADER |    00000001  l__HEADER |    00000001  l__HEADER
     00000002  l__HEADER |    00000002  l__HEADER |    00000002  l__HEADER
     00000003  l__HEADER |    00000003  l__HRAM12 |    00000005  l__HEADER
     00000006  l__HEADER |    00000007  l__HEADER |    00000008  l__HEADER
     0000000C  l__GSINIT |    00000025  l__INITIA |    00000025  l__INITIA
     00000030  l__DATA   |    00000030  l__HEADER |    0000004C  l__HEADER
     0000005C  l__CODE_1 |    00000084  l__HEADER |    0000015A  l__CODE  
     00000177  l__HOME   |    00000200  s__CODE   |    0000035A  s__HOME  
     000004D1  s__BASE   |    000004D1  s__CODE_0 |    000004D1  s__INITIA
     000004D1  s__LIT    |    000004F6  s__GSINIT |    00000502  s__GSFINA
     00002000  _rROMB0   |    00003000  _rROMB1   |    00004000  _rRAMB   
     00008000  __VRAM    |    00008000  __VRAM800 |    00008800  __VRAM880
     00009000  __VRAM900 |    00009800  __SCRN0   |    00009C00  __SCRN1  
     0000A000  __SRAM    |    0000C000  __RAM     |    0000C000  _shadow_O
     0000C0A0  s__DATA   |    0000C0D0  s__BSS    |    0000C0D0  s__INITIA
     0000C0F5  s__HEAP   |    0000C0F5  s__HEAP_E |    0000D000  __RAMBANK
     0000E000  .STACK    |    0000FE00  __OAMRAM  |    0000FF00  _P1_REG  
     0000FF00  __IO      |    0000FF01  _SB_REG   |    0000FF02  _SC_REG  
     0000FF04  _DIV_REG  |    0000FF05  _TIMA_REG |    0000FF06  _TMA_REG 
     0000FF07  _TAC_REG  |    0000FF0F  _IF_REG   |    0000FF10  _NR10_REG
     0000FF11  _NR11_REG |    0000FF12  _NR12_REG |    0000FF13  _NR13_REG
     0000FF14  _NR14_REG |    0000FF16  _NR21_REG |    0000FF17  _NR22_REG
     0000FF18  _NR23_REG |    0000FF19  _NR24_REG |    0000FF1A  _NR30_REG
     0000FF1B  _NR31_REG |    0000FF1C  _NR32_REG |    0000FF1D  _NR33_REG
     0000FF1E  _NR34_REG |    0000FF20  _NR41_REG |    0000FF21  _NR42_REG
     0000FF22  _NR43_REG |    0000FF23  _NR44_REG |    0000FF24  _NR50_REG
     0000FF25  _NR51_REG |    0000FF26  _NR52_REG |    0000FF30  _AUD3WAVE
     0000FF30  _PCM_SAMP |    0000FF30  __AUD3WAV |    0000FF40  _LCDC_REG
     0000FF41  _STAT_REG |    0000FF42  _SCY_REG  |    0000FF43  _SCX_REG 
     0000FF44  _LY_REG   |    0000FF45  _LYC_REG  |    0000FF46  _DMA_REG 
     0000FF47  _BGP_REG  |    0000FF48  _OBP0_REG |    0000FF49  _OBP1_REG
     0000FF4A  _WY_REG   |    0000FF4B  _WX_REG   |    0000FF4D  _KEY1_REG
     0000FF4F  _VBK_REG  |    0000FF51  _HDMA1_RE |    0000FF52  _HDMA2_RE
     0000FF53  _HDMA3_RE |    0000FF54  _HDMA4_RE |    0000FF55  _HDMA5_RE
     0000FF56  _RP_REG   |    0000FF68  _BCPS_REG |    0000FF69  _BCPD_REG
     0000FF6A  _OCPS_REG |    0000FF6B  _OCPD_REG |    0000FF70  _SVBK_REG
ASxxxx Linker V03.00 + NoICE + sdld,  page 2.
Hexadecimal  [32-Bits]

Area                       Addr        Size        Decimal Bytes (Attributes)
--------------------       ----        ----        ------- ----- ------------
.  .ABS.               00000000    00000000 =           0. bytes (ABS,CON)

        Value  Global            Value  Global            Value  Global    
        -----  ------            -----  ------            -----  ------    
     0000FF76  _PCM12_RE |    0000FF77  _PCM34_RE |    0000FF80  .refresh_
     0000FF80  __HRAM    |    0000FFFF  _IE_REG   |    00014000  s__CODE_1
ASxxxx Linker V03.00 + NoICE + sdld,  page 3.
Hexadecimal  [32-Bits]

Area                       Addr        Size        Decimal Bytes (Attributes)
--------------------       ----        ----        ------- ----- ------------
_CODE                  00000200    0000015A =         346. bytes (REL,CON)

        Value  Global            Value  Global            Value  Global    
        -----  ------            -----  ------            -----  ------    
     00000200  A$lcc2338 |    00000200  C$main.c$ |    00000200  C$main.c$
     00000200  G$load_sp |    00000200  _load_spr |    00000203  A$lcc2338
     00000204  A$lcc2338 |    00000207  A$lcc2338 |    00000208  A$lcc2338
     0000020B  A$lcc2338 |    0000020D  A$lcc2338 |    00000210  A$lcc2338
     00000212  A$lcc2338 |    00000212  C$main.c$ |    00000212  C$main.c$
     00000212  XG$load_s |    00000213  A$lcc2338 |    00000213  C$main.c$
     00000213  C$main.c$ |    00000213  G$main$0$ |    00000213  _main    
     00000215  A$lcc2338 |    00000217  A$lcc2338 |    00000217  C$main.c$
     00000219  A$lcc2338 |    0000021B  A$lcc2338 |    0000021B  C$main.c$
     0000021D  A$lcc2338 |    0000021F  A$lcc2338 |    0000021F  C$main.c$
     00000222  A$lcc2338 |    00000222  C$main.c$ |    00000225  A$lcc2338
     00000226  A$lcc2338 |    00000229  A$lcc2338 |    0000022A  A$lcc2338
     0000022D  A$lcc2338 |    0000022F  A$lcc2338 |    0000022F  C$main.c$
     00000232  A$lcc2338 |    00000233  A$lcc2338 |    00000235  A$lcc2338
     00000236  A$lcc2338 |    00000237  A$lcc2338 |    00000238  A$lcc2338
     00000239  A$lcc2338 |    0000023A  A$lcc2338 |    0000023D  A$lcc2338
     0000023F  A$lcc2338 |    0000023F  C$main.c$ |    00000240  A$lcc2338
     00000242  A$lcc2338 |    00000242  C$main.c$ |    00000244  A$lcc2338
     00000246  A$lcc2338 |    00000246  C$main.c$ |    00000248  A$lcc2338
     0000024A  A$lcc2338 |    0000024A  C$main.c$ |    0000024C  A$lcc2338
     0000024E  A$lcc2338 |    00000250  A$lcc2338 |    00000250  C$main.c$
     00000252  A$lcc2338 |    00000254  A$lcc2338 |    00000256  A$lcc2338
     00000256  C$main.c$ |    00000258  A$lcc2338 |    0000025A  A$lcc2338
     0000025C  A$lcc2338 |    0000025C  C$main.c$ |    0000025E  A$lcc2338
     00000260  A$lcc2338 |    00000262  A$lcc2338 |    00000262  C$main.c$
     00000265  A$lcc2338 |    00000267  A$lcc2338 |    00000268  A$lcc2338
     0000026A  A$lcc2338 |    0000026A  C$main.c$ |    0000026D  A$lcc2338
     0000026F  A$lcc2338 |    00000270  A$lcc2338 |    00000272  A$lcc2338
     00000272  C$main.c$ |    00000272  C$main.c$ |    00000275  A$lcc2338
     00000278  A$lcc2338 |    00000278  C$main.c$ |    0000027B  A$lcc2338
     0000027E  A$lcc2338 |    0000027F  A$lcc2338 |    0000027F  C$main.c$
     00000280  A$lcc2338 |    00000280  C$main.c$ |    00000283  A$lcc2338
     00000284  A$lcc2338 |    00000285  A$lcc2338 |    00000286  A$lcc2338
     00000286  C$main.c$ |    00000288  A$lcc2338 |    0000028A  A$lcc2338
     0000028A  C$main.c$ |    0000028B  A$lcc2338 |    0000028C  A$lcc2338
     0000028F  A$lcc2338 |    00000290  A$lcc2338 |    00000291  A$lcc2338
     00000292  A$lcc2338 |    00000294  A$lcc2338 |    00000294  C$main.c$
     00000296  A$lcc2338 |    00000298  A$lcc2338 |    00000298  C$main.c$
     00000299  A$lcc2338 |    0000029A  A$lcc2338 |    0000029D  A$lcc2338
     0000029E  A$lcc2338 |    0000029F  A$lcc2338 |    000002A0  A$lcc2338
     000002A0  C$main.c$ |    000002A3  A$lcc2338 |    000002A4  A$lcc2338
     000002A5  A$lcc2338 |    000002A6  A$lcc2338 |    000002A9  A$lcc2338
     000002AA  A$lcc2338 |    000002AB  A$lcc2338 |    000002AC  A$lcc2338
     000002AF  A$lcc2338 |    000002B0  A$lcc2338 |    000002B3  A$lcc2338
     000002B4  A$lcc2338 |    000002B7  A$lcc2338 |    000002B8  A$lcc2338
     000002B9  A$lcc2338 |    000002BA  A$lcc2338 |    000002BB  A$lcc2338
     000002BE  A$lcc2338 |    000002BF  A$lcc2338 |    000002C0  A$lcc2338
     000002C1  A$lcc2338 |    000002C4  A$lcc2338 |    000002C6  A$lcc2338
     000002C7  A$lcc2338 |    000002C8  A$lcc2338 |    000002C9  A$lcc2338
     000002CA  A$lcc2338 |    000002CB  A$lcc2338 |    000002CC  A$lcc2338
ASxxxx Linker V03.00 + NoICE + sdld,  page 4.
Hexadecimal  [32-Bits]

Area                       Addr        Size        Decimal Bytes (Attributes)
--------------------       ----        ----        ------- ----- ------------
_CODE                  00000200    0000015A =         346. bytes (REL,CON)

        Value  Global            Value  Global            Value  Global    
        -----  ------            -----  ------            -----  ------    
     000002CD  A$lcc2338 |    000002CE  A$lcc2338 |    000002D1  A$lcc2338
     000002D3  A$lcc2338 |    000002D3  C$main.c$ |    000002D6  A$lcc2338
     000002D6  C$main.c$ |    000002D9  A$lcc2338 |    000002D9  C$main.c$
     000002D9  XG$main$0 |    000002DB  G$arkanoi |    000002DB  _arkanoid
     000002FB  G$black$0 |    000002FB  _black    |    0000031B  ___move_m
ASxxxx Linker V03.00 + NoICE + sdld,  page 5.
Hexadecimal  [32-Bits]

Area                       Addr        Size        Decimal Bytes (Attributes)
--------------------       ----        ----        ------- ----- ------------
_HEADER0               00000000    00000001 =           1. bytes (ABS,CON)

        Value  Global            Value  Global            Value  Global    
        -----  ------            -----  ------            -----  ------    
     00000020  .call_hl 
ASxxxx Linker V03.00 + NoICE + sdld,  page 6.
Hexadecimal  [32-Bits]

Area                       Addr        Size        Decimal Bytes (Attributes)
--------------------       ----        ----        ------- ----- ------------
_HEADER1               00000000    00000005 =           5. bytes (ABS,CON)

        Value  Global            Value  Global            Value  Global    
        -----  ------            -----  ------            -----  ------    
     00000028  .MemsetSm
ASxxxx Linker V03.00 + NoICE + sdld,  page 7.
Hexadecimal  [32-Bits]

Area                       Addr        Size        Decimal Bytes (Attributes)
--------------------       ----        ----        ------- ----- ------------
_HEADER2               00000000    00000007 =           7. bytes (ABS,CON)

        Value  Global            Value  Global            Value  Global    
        -----  ------            -----  ------            -----  ------    
     00000030  .MemcpySm
ASxxxx Linker V03.00 + NoICE + sdld,  page 8.
Hexadecimal  [32-Bits]

Area                       Addr        Size        Decimal Bytes (Attributes)
--------------------       ----        ----        ------- ----- ------------
_HEADER3               00000000    00000008 =           8. bytes (ABS,CON)

        Value  Global            Value  Global            Value  Global    
        -----  ------            -----  ------            -----  ------    
ASxxxx Linker V03.00 + NoICE + sdld,  page 9.
Hexadecimal  [32-Bits]

Area                       Addr        Size        Decimal Bytes (Attributes)
--------------------       ----        ----        ------- ----- ------------
_HEADER4               00000000    0000004C =          76. bytes (ABS,CON)

        Value  Global            Value  Global            Value  Global    
        -----  ------            -----  ------            -----  ------    
     00000080  .int      |    0000008F  _wait_int |    0000009C  __standar
     000000AC  _refresh_
ASxxxx Linker V03.00 + NoICE + sdld,  page 10.
Hexadecimal  [32-Bits]

Area                       Addr        Size        Decimal Bytes (Attributes)
--------------------       ----        ----        ------- ----- ------------
_HEADER5               00000000    00000002 =           2. bytes (ABS,CON)

        Value  Global            Value  Global            Value  Global    
        -----  ------            -----  ------            -----  ------    
ASxxxx Linker V03.00 + NoICE + sdld,  page 11.
Hexadecimal  [32-Bits]

Area                       Addr        Size        Decimal Bytes (Attributes)
--------------------       ----        ----        ------- ----- ------------
_HEADER6               00000000    00000030 =          48. bytes (ABS,CON)

        Value  Global            Value  Global            Value  Global    
        -----  ------            -----  ------            -----  ------    
ASxxxx Linker V03.00 + NoICE + sdld,  page 12.
Hexadecimal  [32-Bits]

Area                       Addr        Size        Decimal Bytes (Attributes)
--------------------       ----        ----        ------- ----- ------------
_HEADER7               00000000    00000006 =           6. bytes (ABS,CON)

        Value  Global            Value  Global            Value  Global    
        -----  ------            -----  ------            -----  ------    
ASxxxx Linker V03.00 + NoICE + sdld,  page 13.
Hexadecimal  [32-Bits]

Area                       Addr        Size        Decimal Bytes (Attributes)
--------------------       ----        ----        ------- ----- ------------
_HEADER8               00000000    00000003 =           3. bytes (ABS,CON)

        Value  Global            Value  Global            Value  Global    
        -----  ------            -----  ------            -----  ------    
ASxxxx Linker V03.00 + NoICE + sdld,  page 14.
Hexadecimal  [32-Bits]

Area                       Addr        Size        Decimal Bytes (Attributes)
--------------------       ----        ----        ------- ----- ------------
_HEADER9               00000000    00000001 =           1. bytes (ABS,CON)

        Value  Global            Value  Global            Value  Global    
        -----  ------            -----  ------            -----  ------    
ASxxxx Linker V03.00 + NoICE + sdld,  page 15.
Hexadecimal  [32-Bits]

Area                       Addr        Size        Decimal Bytes (Attributes)
--------------------       ----        ----        ------- ----- ------------
_HEADERa               00000000    00000001 =           1. bytes (ABS,CON)

        Value  Global            Value  Global            Value  Global    
        -----  ------            -----  ------            -----  ------    
ASxxxx Linker V03.00 + NoICE + sdld,  page 16.
Hexadecimal  [32-Bits]

Area                       Addr        Size        Decimal Bytes (Attributes)
--------------------       ----        ----        ------- ----- ------------
_HEADERb               00000000    00000001 =           1. bytes (ABS,CON)

        Value  Global            Value  Global            Value  Global    
        -----  ------            -----  ------            -----  ------    
ASxxxx Linker V03.00 + NoICE + sdld,  page 17.
Hexadecimal  [32-Bits]

Area                       Addr        Size        Decimal Bytes (Attributes)
--------------------       ----        ----        ------- ----- ------------
_HEADERc               00000000    00000002 =           2. bytes (ABS,CON)

        Value  Global            Value  Global            Value  Global    
        -----  ------            -----  ------            -----  ------    
ASxxxx Linker V03.00 + NoICE + sdld,  page 18.
Hexadecimal  [32-Bits]

Area                       Addr        Size        Decimal Bytes (Attributes)
--------------------       ----        ----        ------- ----- ------------
_HEADERd               00000000    00000001 =           1. bytes (ABS,CON)

        Value  Global            Value  Global            Value  Global    
        -----  ------            -----  ------            -----  ------    
ASxxxx Linker V03.00 + NoICE + sdld,  page 19.
Hexadecimal  [32-Bits]

Area                       Addr        Size        Decimal Bytes (Attributes)
--------------------       ----        ----        ------- ----- ------------
_HEADERe               00000000    00000001 =           1. bytes (ABS,CON)

        Value  Global            Value  Global            Value  Global    
        -----  ------            -----  ------            -----  ------    
ASxxxx Linker V03.00 + NoICE + sdld,  page 20.
Hexadecimal  [32-Bits]

Area                       Addr        Size        Decimal Bytes (Attributes)
--------------------       ----        ----        ------- ----- ------------
_HEADERf               00000000    00000002 =           2. bytes (ABS,CON)

        Value  Global            Value  Global            Value  Global    
        -----  ------            -----  ------            -----  ------    
ASxxxx Linker V03.00 + NoICE + sdld,  page 21.
Hexadecimal  [32-Bits]

Area                       Addr        Size        Decimal Bytes (Attributes)
--------------------       ----        ----        ------- ----- ------------
_HEADER10              00000000    00000084 =         132. bytes (ABS,CON)

        Value  Global            Value  Global            Value  Global    
        -----  ------            -----  ------            -----  ------    
     00000150  .reset    |    00000150  _reset    |    00000157  .code_sta
     000001B9  _exit     |    000001BD  _set_inte
ASxxxx Linker V03.00 + NoICE + sdld,  page 22.
Hexadecimal  [32-Bits]

Area                       Addr        Size        Decimal Bytes (Attributes)
--------------------       ----        ----        ------- ----- ------------
_HEADER11              00000000    00000001 =           1. bytes (ABS,CON)

        Value  Global            Value  Global            Value  Global    
        -----  ------            -----  ------            -----  ------    
ASxxxx Linker V03.00 + NoICE + sdld,  page 23.
Hexadecimal  [32-Bits]

Area                       Addr        Size        Decimal Bytes (Attributes)
--------------------       ----        ----        ------- ----- ------------
_HOME                  0000035A    00000177 =         375. bytes (REL,CON)

        Value  Global            Value  Global            Value  Global    
        -----  ------            -----  ------            -----  ------    
     0000035A  .memset_s |    00000363  .memcpy_s |    00000380  .remove_V
     00000383  .remove_i |    000003A0  .add_VBL  |    000003A3  .add_int 
     000003AE  .wait_vbl |    000003AE  _wait_vbl |    000003BE  .display_
     000003BE  _display_ |    000003D6  _remove_V |    000003E1  _add_VBL 
     000003EC  _set_tile |    000003F1  _set_bkg_ |    000003F1  _set_win_
     000003F9  _set_spri |    00000429  _fill_bkg |    0000043B  .padup   
     0000043B  _waitpadu |    0000044B  .jpad     |    0000044B  _joypad  
     00000473  _waitpad  |    00000474  .wait_pad |    0000047B  .fill_rec
     00000484  .fill_rec
ASxxxx Linker V03.00 + NoICE + sdld,  page 24.
Hexadecimal  [32-Bits]

Area                       Addr        Size        Decimal Bytes (Attributes)
--------------------       ----        ----        ------- ----- ------------
_INITIALIZER           000004D1    00000025 =          37. bytes (REL,CON)

        Value  Global            Value  Global            Value  Global    
        -----  ------            -----  ------            -----  ------    
     000004D1  Fmain$__x
ASxxxx Linker V03.00 + NoICE + sdld,  page 25.
Hexadecimal  [32-Bits]

Area                       Addr        Size        Decimal Bytes (Attributes)
--------------------       ----        ----        ------- ----- ------------
_GSINIT                000004F6    0000000C =          12. bytes (REL,CON)

        Value  Global            Value  Global            Value  Global    
        -----  ------            -----  ------            -----  ------    
     000004F6  gsinit   
ASxxxx Linker V03.00 + NoICE + sdld,  page 26.
Hexadecimal  [32-Bits]

Area                       Addr        Size        Decimal Bytes (Attributes)
--------------------       ----        ----        ------- ----- ------------
_GSFINAL               00000502    00000001 =           1. bytes (REL,CON)

        Value  Global            Value  Global            Value  Global    
        -----  ------            -----  ------            -----  ------    
ASxxxx Linker V03.00 + NoICE + sdld,  page 27.
Hexadecimal  [32-Bits]

Area                       Addr        Size        Decimal Bytes (Attributes)
--------------------       ----        ----        ------- ----- ------------
_DATA                  0000C0A0    00000030 =          48. bytes (REL,CON)

        Value  Global            Value  Global            Value  Global    
        -----  ------            -----  ------            -----  ------    
     0000C0A0  __cpu     |    0000C0A1  __is_GBA  |    0000C0A2  .mode    
     0000C0A3  .sys_time |    0000C0A3  _sys_time |    0000C0A5  .int_0x40
     0000C0B1  G$scroll$ |    0000C0B1  _scroll   |    0000C0BB  G$joy$0_0
     0000C0BB  _joy      |    0000C0BC  G$last_jo |    0000C0BC  _last_joy
     0000C0BD  G$PADDLE$ |    0000C0BD  _PADDLE   |    0000C0C5  G$BALL$0_
     0000C0C5  _BALL     |    0000C0CD  ___curren |    0000C0CF  ___curren
ASxxxx Linker V03.00 + NoICE + sdld,  page 28.
Hexadecimal  [32-Bits]

Area                       Addr        Size        Decimal Bytes (Attributes)
--------------------       ----        ----        ------- ----- ------------
_INITIALIZED           0000C0D0    00000025 =          37. bytes (REL,CON)

        Value  Global            Value  Global            Value  Global    
        -----  ------            -----  ------            -----  ------    
     0000C0D0  G$scroll_ |    0000C0D0  _scroll_r |    0000C0F4  ___render
ASxxxx Linker V03.00 + NoICE + sdld,  page 29.
Hexadecimal  [32-Bits]

Area                       Addr        Size        Decimal Bytes (Attributes)
--------------------       ----        ----        ------- ----- ------------
_HRAM12                00000000    00000003 =           3. bytes (ABS,CON)

        Value  Global            Value  Global            Value  Global    
        -----  ------            -----  ------            -----  ------    
     0000FF90  __current |    0000FF92  __shadow_
ASxxxx Linker V03.00 + NoICE + sdld,  page 30.
Hexadecimal  [32-Bits]

Area                       Addr        Size        Decimal Bytes (Attributes)
--------------------       ----        ----        ------- ----- ------------
_CODE_1                00014000    0000005C =          92. bytes (REL,CON)

        Value  Global            Value  Global            Value  Global    
        -----  ------            -----  ------            -----  ------    
     00014000  C$ball.c$ |    00014000  G$__func_ |    00014000  G$ball_pa
     00014000  ___func_b |    00014000  _ball_pal |    00014008  G$ball_ti
     00014008  _ball_til |    00014018  G$ball_me |    00014018  _ball_met
     00014020  G$ball_me |    00014020  _ball_met |    00014022  C$paddle.
     00014022  G$__func_ |    00014022  G$paddle_ |    00014022  ___func_p
     00014022  _paddle_p |    0001402A  G$paddle_ |    0001402A  _paddle_t
     0001404A  G$paddle_ |    0001404A  _paddle_m |    0001405A  G$paddle_
     0001405A  _paddle_m
ASxxxx Linker V03.00 + NoICE + sdld,  page 31.

Files Linked                              [ module(s) ]

C:\c_code\gbdk\lib/gb/crt0.o              [ Runtime ]
C:\Users\EMART~1\AppData\Local\Temp/lcc233840.rel
                                          [ main ]
C:\Users\EMART~1\AppData\Local\Temp/lcc233841.rel
                                          [ arkanoid_tiles ]
C:\Users\EMART~1\AppData\Local\Temp/lcc233842.rel
                                          [ ball ]
C:\Users\EMART~1\AppData\Local\Temp/lcc233843.rel
                                          [ black ]
C:\Users\EMART~1\AppData\Local\Temp/lcc233844.rel
                                          [ paddle ]


Libraries Linked                          [ object file ]

C:\c_code\gbdk\lib/gb/gb.lib              [ set_data.o ]
C:\c_code\gbdk\lib/gb/gb.lib              [ sfr.o ]
C:\c_code\gbdk\lib/gb/gb.lib              [ fill_rect_bk.o ]
C:\c_code\gbdk\lib/gb/gb.lib              [ pad.o ]
C:\c_code\gbdk\lib/gb/gb.lib              [ metasprites.o ]
C:\c_code\gbdk\lib/gb/gb.lib              [ fill_rect.o ]

ASxxxx Linker V03.00 + NoICE + sdld,  page 32.

User Base Address Definitions

_DATA=0xC0A0
_CODE=0x0200
ASxxxx Linker V03.00 + NoICE + sdld,  page 33.

User Global Definitions

_shadow_OAM=0xC000
.STACK=0xE000
.refresh_OAM=0xFF80

